#Unconstrained setup timing startpoint/endpoint

timing_node_id node_type node_name
-------------- --------- ---------
0 .input b~34.inpad[0]
1 .input b~35.inpad[0]
2 .input reset.inpad[0]
3 .input b~33.inpad[0]
4 .input a~8.inpad[0]
5 .input a~19.inpad[0]
6 .input a~30.inpad[0]
7 .input b~5.inpad[0]
8 .input b~16.inpad[0]
9 .input b~27.inpad[0]
10 .input b~30.inpad[0]
11 .input b~31.inpad[0]
12 .input b~32.inpad[0]
13 .input a~0.inpad[0]
14 .input a~1.inpad[0]
15 .input a~2.inpad[0]
16 .input a~3.inpad[0]
17 .input a~4.inpad[0]
18 .input a~5.inpad[0]
19 .input a~6.inpad[0]
20 .input a~7.inpad[0]
21 .input a~9.inpad[0]
22 .input a~10.inpad[0]
23 .input a~11.inpad[0]
24 .input a~12.inpad[0]
25 .input a~13.inpad[0]
26 .input a~14.inpad[0]
27 .input a~15.inpad[0]
28 .input a~16.inpad[0]
29 .input a~17.inpad[0]
30 .input a~18.inpad[0]
31 .input a~20.inpad[0]
32 .input a~21.inpad[0]
33 .input a~22.inpad[0]
34 .input a~23.inpad[0]
35 .input a~24.inpad[0]
36 .input a~25.inpad[0]
37 .input a~26.inpad[0]
38 .input a~27.inpad[0]
39 .input a~28.inpad[0]
40 .input a~29.inpad[0]
41 .input a~31.inpad[0]
42 .input a~32.inpad[0]
43 .input a~33.inpad[0]
44 .input a~34.inpad[0]
45 .input a~35.inpad[0]
46 .input b~0.inpad[0]
47 .input b~1.inpad[0]
48 .input b~2.inpad[0]
49 .input b~3.inpad[0]
50 .input b~4.inpad[0]
51 .input b~6.inpad[0]
52 .input b~7.inpad[0]
53 .input b~8.inpad[0]
54 .input b~9.inpad[0]
55 .input b~10.inpad[0]
56 .input b~11.inpad[0]
57 .input b~12.inpad[0]
58 .input b~13.inpad[0]
59 .input b~14.inpad[0]
60 .input b~15.inpad[0]
61 .input b~17.inpad[0]
62 .input b~18.inpad[0]
63 .input b~19.inpad[0]
64 .input b~20.inpad[0]
65 .input b~21.inpad[0]
66 .input b~22.inpad[0]
67 .input b~23.inpad[0]
68 .input b~24.inpad[0]
69 .input b~25.inpad[0]
70 .input b~26.inpad[0]
71 .input b~28.inpad[0]
72 .input b~29.inpad[0]
915 hard_model hard_model~22^out~0.out[0]
916 hard_model hard_model~22^out~0.out[1]
917 hard_model hard_model~22^out~0.out[2]
918 hard_model hard_model~22^out~0.out[3]
919 hard_model hard_model~22^out~0.out[4]
920 hard_model hard_model~22^out~0.out[5]
921 hard_model hard_model~22^out~0.out[6]
922 hard_model hard_model~22^out~0.out[7]
923 hard_model hard_model~22^out~0.out[8]
924 hard_model hard_model~22^out~0.out[9]
925 hard_model hard_model~22^out~0.out[10]
926 hard_model hard_model~22^out~0.out[11]
927 hard_model hard_model~22^out~0.out[12]
928 hard_model hard_model~22^out~0.out[13]
929 hard_model hard_model~22^out~0.out[14]
930 hard_model hard_model~22^out~0.out[15]
931 hard_model hard_model~22^out~0.out[16]
932 hard_model hard_model~22^out~0.out[17]
933 hard_model hard_model~22^out~0.out[18]
934 hard_model hard_model~22^out~0.out[19]
935 hard_model hard_model~22^out~0.out[20]
936 hard_model hard_model~22^out~0.out[21]
937 hard_model hard_model~22^out~0.out[22]
938 hard_model hard_model~22^out~0.out[23]
939 hard_model hard_model~22^out~0.out[24]
940 hard_model hard_model~22^out~0.out[25]
941 hard_model hard_model~22^out~0.out[26]
942 hard_model hard_model~22^out~0.out[27]
943 hard_model hard_model~22^out~0.out[28]
944 hard_model hard_model~22^out~0.out[29]
945 hard_model hard_model~22^out~0.out[30]
946 hard_model hard_model~22^out~0.out[31]
947 hard_model hard_model~22^out~0.out[32]
948 hard_model hard_model~22^out~0.out[33]
949 hard_model hard_model~22^out~0.out[34]
950 hard_model hard_model~22^out~0.out[35]
951 hard_model hard_model~22^out~0.out[36]
952 hard_model hard_model~22^out~0.out[37]
953 hard_model hard_model~22^out~0.out[38]
954 hard_model hard_model~22^out~0.out[39]
955 hard_model hard_model~22^out~0.out[40]
956 hard_model hard_model~22^out~0.out[41]
957 hard_model hard_model~22^out~0.out[42]
958 hard_model hard_model~22^out~0.out[43]
959 hard_model hard_model~22^out~0.out[44]
960 hard_model hard_model~22^out~0.out[45]
961 hard_model hard_model~22^out~0.out[46]
962 hard_model hard_model~22^out~0.out[47]
963 hard_model hard_model~22^out~0.out[48]
964 hard_model hard_model~22^out~0.out[49]
965 hard_model hard_model~22^out~0.out[50]
966 hard_model hard_model~22^out~0.out[51]
967 hard_model hard_model~22^out~0.out[52]
968 hard_model hard_model~22^out~0.out[53]
969 hard_model hard_model~22^out~0.out[54]
970 hard_model hard_model~22^out~0.out[55]
971 hard_model hard_model~22^out~0.out[56]
972 hard_model hard_model~22^out~0.out[57]
973 hard_model hard_model~22^out~0.out[58]
974 hard_model hard_model~22^out~0.out[59]
975 hard_model hard_model~22^out~0.out[60]
976 hard_model hard_model~22^out~0.out[61]
977 hard_model hard_model~22^out~0.out[62]
978 hard_model hard_model~22^out~0.out[63]
979 hard_model hard_model~22^out~0.out[64]
980 hard_model hard_model~22^out~0.out[65]
981 hard_model hard_model~22^out~0.out[66]
982 hard_model hard_model~22^out~0.out[67]
983 hard_model hard_model~22^out~0.out[68]
984 hard_model hard_model~22^out~0.out[69]
985 hard_model hard_model~22^out~0.out[70]
986 hard_model hard_model~22^out~0.out[71]
1419 hard_model hard_model~23^out~0.out[0]
1420 hard_model hard_model~23^out~0.out[1]
1421 hard_model hard_model~23^out~0.out[2]
1422 hard_model hard_model~23^out~0.out[3]
1423 hard_model hard_model~23^out~0.out[4]
1424 hard_model hard_model~23^out~0.out[5]
1425 hard_model hard_model~23^out~0.out[6]
1426 hard_model hard_model~23^out~0.out[7]
1427 hard_model hard_model~23^out~0.out[8]
1428 hard_model hard_model~23^out~0.out[9]
1429 hard_model hard_model~23^out~0.out[10]
1430 hard_model hard_model~23^out~0.out[11]
1431 hard_model hard_model~23^out~0.out[12]
1432 hard_model hard_model~23^out~0.out[13]
1433 hard_model hard_model~23^out~0.out[14]
1434 hard_model hard_model~23^out~0.out[15]
1435 hard_model hard_model~23^out~0.out[16]
1436 hard_model hard_model~23^out~0.out[17]
1437 hard_model hard_model~23^out~0.out[18]
1438 hard_model hard_model~23^out~0.out[19]
1439 hard_model hard_model~23^out~0.out[20]
1440 hard_model hard_model~23^out~0.out[21]
1441 hard_model hard_model~23^out~0.out[22]
1442 hard_model hard_model~23^out~0.out[23]
1443 hard_model hard_model~23^out~0.out[24]
1444 hard_model hard_model~23^out~0.out[25]
1445 hard_model hard_model~23^out~0.out[26]
1446 hard_model hard_model~23^out~0.out[27]
1447 hard_model hard_model~23^out~0.out[28]
1448 hard_model hard_model~23^out~0.out[29]
1449 hard_model hard_model~23^out~0.out[30]
1450 hard_model hard_model~23^out~0.out[31]
1451 hard_model hard_model~23^out~0.out[32]
1452 hard_model hard_model~23^out~0.out[33]
1453 hard_model hard_model~23^out~0.out[34]
1454 hard_model hard_model~23^out~0.out[35]
1455 hard_model hard_model~23^out~0.out[36]
1456 hard_model hard_model~23^out~0.out[37]
1457 hard_model hard_model~23^out~0.out[38]
1458 hard_model hard_model~23^out~0.out[39]
1459 hard_model hard_model~23^out~0.out[40]
1460 hard_model hard_model~23^out~0.out[41]
1461 hard_model hard_model~23^out~0.out[42]
1462 hard_model hard_model~23^out~0.out[43]
1463 hard_model hard_model~23^out~0.out[44]
1464 hard_model hard_model~23^out~0.out[45]
1465 hard_model hard_model~23^out~0.out[46]
1466 hard_model hard_model~23^out~0.out[47]
1467 hard_model hard_model~23^out~0.out[48]
1468 hard_model hard_model~23^out~0.out[49]
1469 hard_model hard_model~23^out~0.out[50]
1470 hard_model hard_model~23^out~0.out[51]
1471 hard_model hard_model~23^out~0.out[52]
1472 hard_model hard_model~23^out~0.out[53]
1473 hard_model hard_model~23^out~0.out[54]
1474 hard_model hard_model~23^out~0.out[55]
1475 hard_model hard_model~23^out~0.out[56]
1476 hard_model hard_model~23^out~0.out[57]
1477 hard_model hard_model~23^out~0.out[58]
1478 hard_model hard_model~23^out~0.out[59]
1479 hard_model hard_model~23^out~0.out[60]
1480 hard_model hard_model~23^out~0.out[61]
1481 hard_model hard_model~23^out~0.out[62]
1482 hard_model hard_model~23^out~0.out[63]
1483 hard_model hard_model~23^out~0.out[64]
1484 hard_model hard_model~23^out~0.out[65]
1485 hard_model hard_model~23^out~0.out[66]
1486 hard_model hard_model~23^out~0.out[67]
1487 hard_model hard_model~23^out~0.out[68]
1488 hard_model hard_model~23^out~0.out[69]
1489 hard_model hard_model~23^out~0.out[70]
1490 hard_model hard_model~23^out~0.out[71]
1923 hard_model hard_model~24^out~0.out[0]
1924 hard_model hard_model~24^out~0.out[1]
1925 hard_model hard_model~24^out~0.out[2]
1926 hard_model hard_model~24^out~0.out[3]
1927 hard_model hard_model~24^out~0.out[4]
1928 hard_model hard_model~24^out~0.out[5]
1929 hard_model hard_model~24^out~0.out[6]
1930 hard_model hard_model~24^out~0.out[7]
1931 hard_model hard_model~24^out~0.out[8]
1932 hard_model hard_model~24^out~0.out[9]
1933 hard_model hard_model~24^out~0.out[10]
1934 hard_model hard_model~24^out~0.out[11]
1935 hard_model hard_model~24^out~0.out[12]
1936 hard_model hard_model~24^out~0.out[13]
1937 hard_model hard_model~24^out~0.out[14]
1938 hard_model hard_model~24^out~0.out[15]
1939 hard_model hard_model~24^out~0.out[16]
1940 hard_model hard_model~24^out~0.out[17]
1941 hard_model hard_model~24^out~0.out[18]
1942 hard_model hard_model~24^out~0.out[19]
1943 hard_model hard_model~24^out~0.out[20]
1944 hard_model hard_model~24^out~0.out[21]
1945 hard_model hard_model~24^out~0.out[22]
1946 hard_model hard_model~24^out~0.out[23]
1947 hard_model hard_model~24^out~0.out[24]
1948 hard_model hard_model~24^out~0.out[25]
1949 hard_model hard_model~24^out~0.out[26]
1950 hard_model hard_model~24^out~0.out[27]
1951 hard_model hard_model~24^out~0.out[28]
1952 hard_model hard_model~24^out~0.out[29]
1953 hard_model hard_model~24^out~0.out[30]
1954 hard_model hard_model~24^out~0.out[31]
1955 hard_model hard_model~24^out~0.out[32]
1956 hard_model hard_model~24^out~0.out[33]
1957 hard_model hard_model~24^out~0.out[34]
1958 hard_model hard_model~24^out~0.out[35]
1959 hard_model hard_model~24^out~0.out[36]
1960 hard_model hard_model~24^out~0.out[37]
1961 hard_model hard_model~24^out~0.out[38]
1962 hard_model hard_model~24^out~0.out[39]
1963 hard_model hard_model~24^out~0.out[40]
1964 hard_model hard_model~24^out~0.out[41]
1965 hard_model hard_model~24^out~0.out[42]
1966 hard_model hard_model~24^out~0.out[43]
1967 hard_model hard_model~24^out~0.out[44]
1968 hard_model hard_model~24^out~0.out[45]
1969 hard_model hard_model~24^out~0.out[46]
1970 hard_model hard_model~24^out~0.out[47]
1971 hard_model hard_model~24^out~0.out[48]
1972 hard_model hard_model~24^out~0.out[49]
1973 hard_model hard_model~24^out~0.out[50]
1974 hard_model hard_model~24^out~0.out[51]
1975 hard_model hard_model~24^out~0.out[52]
1976 hard_model hard_model~24^out~0.out[53]
1977 hard_model hard_model~24^out~0.out[54]
1978 hard_model hard_model~24^out~0.out[55]
1979 hard_model hard_model~24^out~0.out[56]
1980 hard_model hard_model~24^out~0.out[57]
1981 hard_model hard_model~24^out~0.out[58]
1982 hard_model hard_model~24^out~0.out[59]
1983 hard_model hard_model~24^out~0.out[60]
1984 hard_model hard_model~24^out~0.out[61]
1985 hard_model hard_model~24^out~0.out[62]
1986 hard_model hard_model~24^out~0.out[63]
1987 hard_model hard_model~24^out~0.out[64]
1988 hard_model hard_model~24^out~0.out[65]
1989 hard_model hard_model~24^out~0.out[66]
1990 hard_model hard_model~24^out~0.out[67]
1991 hard_model hard_model~24^out~0.out[68]
1992 hard_model hard_model~24^out~0.out[69]
1993 hard_model hard_model~24^out~0.out[70]
1994 hard_model hard_model~24^out~0.out[71]
3521 .output out:out_0_col~0.outpad[0]
3522 .output out:out_0_col~1.outpad[0]
3523 .output out:out_0_col~2.outpad[0]
3524 .output out:out_0_col~3.outpad[0]
3525 .output out:out_0_col~4.outpad[0]
3526 .output out:out_0_col~5.outpad[0]
3527 .output out:out_0_col~6.outpad[0]
3528 .output out:out_0_col~7.outpad[0]
3529 .output out:out_0_col~8.outpad[0]
3530 .output out:out_0_col~9.outpad[0]
3531 .output out:out_0_col~10.outpad[0]
3532 .output out:out_0_col~11.outpad[0]
3533 .output out:out_0_col~12.outpad[0]
3534 .output out:out_0_col~13.outpad[0]
3535 .output out:out_0_col~14.outpad[0]
3536 .output out:out_0_col~15.outpad[0]
3537 .output out:out_0_col~16.outpad[0]
3538 .output out:out_0_col~17.outpad[0]
3539 .output out:out_0_col~18.outpad[0]
3540 .output out:out_0_col~19.outpad[0]
3541 .output out:out_0_col~20.outpad[0]
3542 .output out:out_0_col~21.outpad[0]
3543 .output out:out_0_col~22.outpad[0]
3544 .output out:out_0_col~23.outpad[0]
3545 .output out:out_0_col~24.outpad[0]
3546 .output out:out_0_col~25.outpad[0]
3547 .output out:out_0_col~26.outpad[0]
3548 .output out:out_0_col~27.outpad[0]
3549 .output out:out_0_col~28.outpad[0]
3550 .output out:out_0_col~29.outpad[0]
3551 .output out:out_0_col~30.outpad[0]
3552 .output out:out_0_col~31.outpad[0]
3553 .output out:out_0_col~32.outpad[0]
3554 .output out:out_0_col~33.outpad[0]
3555 .output out:out_0_col~34.outpad[0]
3556 .output out:out_0_col~35.outpad[0]
3557 .output out:out_0_col~36.outpad[0]
3558 .output out:out_0_col~37.outpad[0]
3559 .output out:out_0_col~38.outpad[0]
3560 .output out:out_0_col~39.outpad[0]
3561 .output out:out_0_col~40.outpad[0]
3562 .output out:out_0_col~41.outpad[0]
3563 .output out:out_0_col~42.outpad[0]
3564 .output out:out_0_col~43.outpad[0]
3565 .output out:out_0_col~44.outpad[0]
3566 .output out:out_0_col~45.outpad[0]
3567 .output out:out_0_col~46.outpad[0]
3568 .output out:out_0_col~47.outpad[0]
3569 .output out:out_0_col~48.outpad[0]
3570 .output out:out_0_col~49.outpad[0]
3571 .output out:out_0_col~50.outpad[0]
3572 .output out:out_0_col~51.outpad[0]
3573 .output out:out_0_col~52.outpad[0]
3574 .output out:out_0_col~53.outpad[0]
3575 .output out:out_0_col~54.outpad[0]
3576 .output out:out_0_col~55.outpad[0]
3577 .output out:out_0_col~56.outpad[0]
3578 .output out:out_0_col~57.outpad[0]
3579 .output out:out_0_col~58.outpad[0]
3580 .output out:out_0_col~59.outpad[0]
3581 .output out:out_0_col~60.outpad[0]
3582 .output out:out_0_col~61.outpad[0]
3583 .output out:out_0_col~62.outpad[0]
3584 .output out:out_0_col~63.outpad[0]
3585 .output out:out_0_col~64.outpad[0]
3586 .output out:out_0_col~65.outpad[0]
3587 .output out:out_0_col~66.outpad[0]
3588 .output out:out_0_col~67.outpad[0]
3589 .output out:out_0_col~68.outpad[0]
3590 .output out:out_0_col~69.outpad[0]
3591 .output out:out_0_col~70.outpad[0]
3592 .output out:out_0_col~71.outpad[0]
3593 .output out:out_1_col~0.outpad[0]
3594 .output out:out_1_col~1.outpad[0]
3595 .output out:out_1_col~2.outpad[0]
3596 .output out:out_1_col~3.outpad[0]
3597 .output out:out_1_col~4.outpad[0]
3598 .output out:out_1_col~5.outpad[0]
3599 .output out:out_1_col~6.outpad[0]
3600 .output out:out_1_col~7.outpad[0]
3601 .output out:out_1_col~8.outpad[0]
3602 .output out:out_1_col~9.outpad[0]
3603 .output out:out_1_col~10.outpad[0]
3604 .output out:out_1_col~11.outpad[0]
3605 .output out:out_1_col~12.outpad[0]
3606 .output out:out_1_col~13.outpad[0]
3607 .output out:out_1_col~14.outpad[0]
3608 .output out:out_1_col~15.outpad[0]
3609 .output out:out_1_col~16.outpad[0]
3610 .output out:out_1_col~17.outpad[0]
3611 .output out:out_1_col~18.outpad[0]
3612 .output out:out_1_col~19.outpad[0]
3613 .output out:out_1_col~20.outpad[0]
3614 .output out:out_1_col~21.outpad[0]
3615 .output out:out_1_col~22.outpad[0]
3616 .output out:out_1_col~23.outpad[0]
3617 .output out:out_1_col~24.outpad[0]
3618 .output out:out_1_col~25.outpad[0]
3619 .output out:out_1_col~26.outpad[0]
3620 .output out:out_1_col~27.outpad[0]
3621 .output out:out_1_col~28.outpad[0]
3622 .output out:out_1_col~29.outpad[0]
3623 .output out:out_1_col~30.outpad[0]
3624 .output out:out_1_col~31.outpad[0]
3625 .output out:out_1_col~32.outpad[0]
3626 .output out:out_1_col~33.outpad[0]
3627 .output out:out_1_col~34.outpad[0]
3628 .output out:out_1_col~35.outpad[0]
3629 .output out:out_1_col~36.outpad[0]
3630 .output out:out_1_col~37.outpad[0]
3631 .output out:out_1_col~38.outpad[0]
3632 .output out:out_1_col~39.outpad[0]
3633 .output out:out_1_col~40.outpad[0]
3634 .output out:out_1_col~41.outpad[0]
3635 .output out:out_1_col~42.outpad[0]
3636 .output out:out_1_col~43.outpad[0]
3637 .output out:out_1_col~44.outpad[0]
3638 .output out:out_1_col~45.outpad[0]
3639 .output out:out_1_col~46.outpad[0]
3640 .output out:out_1_col~47.outpad[0]
3641 .output out:out_1_col~48.outpad[0]
3642 .output out:out_1_col~49.outpad[0]
3643 .output out:out_1_col~50.outpad[0]
3644 .output out:out_1_col~51.outpad[0]
3645 .output out:out_1_col~52.outpad[0]
3646 .output out:out_1_col~53.outpad[0]
3647 .output out:out_1_col~54.outpad[0]
3648 .output out:out_1_col~55.outpad[0]
3649 .output out:out_1_col~56.outpad[0]
3650 .output out:out_1_col~57.outpad[0]
3651 .output out:out_1_col~58.outpad[0]
3652 .output out:out_1_col~59.outpad[0]
3653 .output out:out_1_col~60.outpad[0]
3654 .output out:out_1_col~61.outpad[0]
3655 .output out:out_1_col~62.outpad[0]
3656 .output out:out_1_col~63.outpad[0]
3657 .output out:out_1_col~64.outpad[0]
3658 .output out:out_1_col~65.outpad[0]
3659 .output out:out_1_col~66.outpad[0]
3660 .output out:out_1_col~67.outpad[0]
3661 .output out:out_1_col~68.outpad[0]
3662 .output out:out_1_col~69.outpad[0]
3663 .output out:out_1_col~70.outpad[0]
3664 .output out:out_1_col~71.outpad[0]
3665 .output out:out_2_col~0.outpad[0]
3666 .output out:out_2_col~1.outpad[0]
3667 .output out:out_2_col~2.outpad[0]
3668 .output out:out_2_col~3.outpad[0]
3669 .output out:out_2_col~4.outpad[0]
3670 .output out:out_2_col~5.outpad[0]
3671 .output out:out_2_col~6.outpad[0]
3672 .output out:out_2_col~7.outpad[0]
3673 .output out:out_2_col~8.outpad[0]
3674 .output out:out_2_col~9.outpad[0]
3675 .output out:out_2_col~10.outpad[0]
3676 .output out:out_2_col~11.outpad[0]
3677 .output out:out_2_col~12.outpad[0]
3678 .output out:out_2_col~13.outpad[0]
3679 .output out:out_2_col~14.outpad[0]
3680 .output out:out_2_col~15.outpad[0]
3681 .output out:out_2_col~16.outpad[0]
3682 .output out:out_2_col~17.outpad[0]
3683 .output out:out_2_col~18.outpad[0]
3684 .output out:out_2_col~19.outpad[0]
3685 .output out:out_2_col~20.outpad[0]
3686 .output out:out_2_col~21.outpad[0]
3687 .output out:out_2_col~22.outpad[0]
3688 .output out:out_2_col~23.outpad[0]
3689 .output out:out_2_col~24.outpad[0]
3690 .output out:out_2_col~25.outpad[0]
3691 .output out:out_2_col~26.outpad[0]
3692 .output out:out_2_col~27.outpad[0]
3693 .output out:out_2_col~28.outpad[0]
3694 .output out:out_2_col~29.outpad[0]
3695 .output out:out_2_col~30.outpad[0]
3696 .output out:out_2_col~31.outpad[0]
3697 .output out:out_2_col~32.outpad[0]
3698 .output out:out_2_col~33.outpad[0]
3699 .output out:out_2_col~34.outpad[0]
3700 .output out:out_2_col~35.outpad[0]
3701 .output out:out_2_col~36.outpad[0]
3702 .output out:out_2_col~37.outpad[0]
3703 .output out:out_2_col~38.outpad[0]
3704 .output out:out_2_col~39.outpad[0]
3705 .output out:out_2_col~40.outpad[0]
3706 .output out:out_2_col~41.outpad[0]
3707 .output out:out_2_col~42.outpad[0]
3708 .output out:out_2_col~43.outpad[0]
3709 .output out:out_2_col~44.outpad[0]
3710 .output out:out_2_col~45.outpad[0]
3711 .output out:out_2_col~46.outpad[0]
3712 .output out:out_2_col~47.outpad[0]
3713 .output out:out_2_col~48.outpad[0]
3714 .output out:out_2_col~49.outpad[0]
3715 .output out:out_2_col~50.outpad[0]
3716 .output out:out_2_col~51.outpad[0]
3717 .output out:out_2_col~52.outpad[0]
3718 .output out:out_2_col~53.outpad[0]
3719 .output out:out_2_col~54.outpad[0]
3720 .output out:out_2_col~55.outpad[0]
3721 .output out:out_2_col~56.outpad[0]
3722 .output out:out_2_col~57.outpad[0]
3723 .output out:out_2_col~58.outpad[0]
3724 .output out:out_2_col~59.outpad[0]
3725 .output out:out_2_col~60.outpad[0]
3726 .output out:out_2_col~61.outpad[0]
3727 .output out:out_2_col~62.outpad[0]
3728 .output out:out_2_col~63.outpad[0]
3729 .output out:out_2_col~64.outpad[0]
3730 .output out:out_2_col~65.outpad[0]
3731 .output out:out_2_col~66.outpad[0]
3732 .output out:out_2_col~67.outpad[0]
3733 .output out:out_2_col~68.outpad[0]
3734 .output out:out_2_col~69.outpad[0]
3735 .output out:out_2_col~70.outpad[0]
3736 .output out:out_2_col~71.outpad[0]

#End of unconstrained setup startpoint/endpoint report
