#Packing pin usage report
Type: io
	Input Pin Usage:
		Max: 1.00 (0.50)
		Avg: 0.38 (0.19)
		Min: 0.00 (0.00)
		Histogram:
		[        0:      0.2) 33 ( 62.3%) |************************************************
		[      0.2:      0.4)  0 (  0.0%) |
		[      0.4:      0.6)  0 (  0.0%) |
		[      0.6:      0.8)  0 (  0.0%) |
		[      0.8:        1) 20 ( 37.7%) |*****************************
		[        1:      1.2)  0 (  0.0%) |
		[      1.2:      1.4)  0 (  0.0%) |
		[      1.4:      1.6)  0 (  0.0%) |
		[      1.6:      1.8)  0 (  0.0%) |
		[      1.8:        2)  0 (  0.0%) |
	Output Pin Usage:
		Max: 1.00 (1.00)
		Avg: 0.62 (0.62)
		Min: 0.00 (0.00)
		Histogram:
		[        0:      0.1) 20 ( 37.7%) |*****************************
		[      0.1:      0.2)  0 (  0.0%) |
		[      0.2:      0.3)  0 (  0.0%) |
		[      0.3:      0.4)  0 (  0.0%) |
		[      0.4:      0.5)  0 (  0.0%) |
		[      0.5:      0.6)  0 (  0.0%) |
		[      0.6:      0.7)  0 (  0.0%) |
		[      0.7:      0.8)  0 (  0.0%) |
		[      0.8:      0.9)  0 (  0.0%) |
		[      0.9:        1) 33 ( 62.3%) |************************************************

Type: memory
	Input Pin Usage:
		Max: 33.00 (0.51)
		Avg: 33.00 (0.51)
		Min: 33.00 (0.51)
		Histogram:
		[        0:      6.5) 0 (  0.0%) |
		[      6.5:       13) 0 (  0.0%) |
		[       13:       20) 0 (  0.0%) |
		[       20:       26) 0 (  0.0%) |
		[       26:       32) 0 (  0.0%) |
		[       32:       39) 1 (100.0%) |**************************************************
		[       39:       46) 0 (  0.0%) |
		[       46:       52) 0 (  0.0%) |
		[       52:       58) 0 (  0.0%) |
		[       58:       65) 0 (  0.0%) |
	Output Pin Usage:
		Max: 20.00 (0.50)
		Avg: 20.00 (0.50)
		Min: 20.00 (0.50)
		Histogram:
		[        0:        4) 0 (  0.0%) |
		[        4:        8) 0 (  0.0%) |
		[        8:       12) 0 (  0.0%) |
		[       12:       16) 0 (  0.0%) |
		[       16:       20) 1 (100.0%) |**************************************************
		[       20:       24) 0 (  0.0%) |
		[       24:       28) 0 (  0.0%) |
		[       28:       32) 0 (  0.0%) |
		[       32:       36) 0 (  0.0%) |
		[       36:       40) 0 (  0.0%) |

