#Unconstrained hold timing startpoint/endpoint

timing_node_id node_type node_name
-------------- --------- ---------
0 .input a~4.inpad[0]
1 .input a~15.inpad[0]
2 .input a~26.inpad[0]
3 .input b~1.inpad[0]
4 .input b~12.inpad[0]
5 .input b~15.inpad[0]
6 .input b~16.inpad[0]
7 .input b~17.inpad[0]
8 .input a~0.inpad[0]
9 .input a~1.inpad[0]
10 .input a~2.inpad[0]
11 .input a~3.inpad[0]
12 .input a~5.inpad[0]
13 .input a~6.inpad[0]
14 .input a~7.inpad[0]
15 .input a~8.inpad[0]
16 .input a~9.inpad[0]
17 .input a~10.inpad[0]
18 .input a~11.inpad[0]
19 .input a~12.inpad[0]
20 .input a~13.inpad[0]
21 .input a~14.inpad[0]
22 .input a~16.inpad[0]
23 .input a~17.inpad[0]
24 .input a~18.inpad[0]
25 .input a~19.inpad[0]
26 .input a~20.inpad[0]
27 .input a~21.inpad[0]
28 .input a~22.inpad[0]
29 .input a~23.inpad[0]
30 .input a~24.inpad[0]
31 .input a~25.inpad[0]
32 .input a~27.inpad[0]
33 .input a~28.inpad[0]
34 .input a~29.inpad[0]
35 .input a~30.inpad[0]
36 .input b~18.inpad[0]
37 .input b~29.inpad[0]
38 .input b~19.inpad[0]
39 .input b~20.inpad[0]
40 .input b~21.inpad[0]
41 .input b~22.inpad[0]
42 .input b~23.inpad[0]
43 .input b~24.inpad[0]
44 .input b~25.inpad[0]
45 .input b~26.inpad[0]
46 .input b~27.inpad[0]
47 .input b~28.inpad[0]
48 .input b~30.inpad[0]
49 .input b~31.inpad[0]
50 .input b~32.inpad[0]
51 .input b~33.inpad[0]
52 .input b~34.inpad[0]
53 .input b~35.inpad[0]
54 .input a~31.inpad[0]
55 .input a~32.inpad[0]
56 .input a~33.inpad[0]
57 .input a~34.inpad[0]
58 .input a~35.inpad[0]
59 .input b~0.inpad[0]
60 .input b~2.inpad[0]
61 .input b~3.inpad[0]
62 .input b~4.inpad[0]
63 .input b~5.inpad[0]
64 .input b~6.inpad[0]
65 .input b~7.inpad[0]
66 .input b~8.inpad[0]
67 .input b~9.inpad[0]
68 .input b~10.inpad[0]
69 .input b~11.inpad[0]
70 .input b~13.inpad[0]
71 .input b~14.inpad[0]
73 .input reset.inpad[0]
2839 hard_model_rest n7566abc.out[0]
2840 hard_model_rest n7566abc.out[1]
2841 hard_model_rest n7566abc.out[2]
2842 hard_model_rest n7566abc.out[3]
2843 hard_model_rest n7566abc.out[4]
2844 hard_model_rest n7566abc.out[5]
2845 hard_model_rest n7566abc.out[6]
2846 hard_model_rest n7566abc.out[7]
2847 hard_model_rest n7566abc.out[8]
2848 hard_model_rest n7566abc.out[9]
2849 hard_model_rest n7566abc.out[10]
2850 hard_model_rest n7566abc.out[11]
2851 hard_model_rest n7566abc.out[12]
2852 hard_model_rest n7566abc.out[13]
2853 hard_model_rest n7566abc.out[14]
2854 hard_model_rest n7566abc.out[15]
2855 hard_model_rest n7566abc.out[16]
2856 hard_model_rest n7566abc.out[17]
2857 hard_model_rest n7566abc.out[18]
2858 hard_model_rest n7566abc.out[19]
2859 hard_model_rest n7566abc.out[20]
2860 hard_model_rest n7566abc.out[21]
2861 hard_model_rest n7566abc.out[22]
2862 hard_model_rest n7566abc.out[23]
2863 hard_model_rest n7566abc.out[24]
2864 hard_model_rest n7566abc.out[25]
2865 hard_model_rest n7566abc.out[26]
2866 hard_model_rest n7566abc.out[27]
2867 hard_model_rest n7566abc.out[28]
2868 hard_model_rest n7566abc.out[29]
2869 hard_model_rest n7566abc.out[30]
2870 hard_model_rest n7566abc.out[31]
2871 hard_model_rest n7566abc.out[32]
2872 hard_model_rest n7566abc.out[33]
2873 hard_model_rest n7566abc.out[34]
2874 hard_model_rest n7566abc.out[35]
2875 hard_model_rest n7566abc.out[36]
2876 hard_model_rest n7566abc.out[37]
2877 hard_model_rest n7566abc.out[38]
2878 hard_model_rest n7566abc.out[39]
2879 hard_model_rest n7566abc.out[40]
2880 hard_model_rest n7566abc.out[41]
2881 hard_model_rest n7566abc.out[42]
2882 hard_model_rest n7566abc.out[43]
2883 hard_model_rest n7566abc.out[44]
2884 hard_model_rest n7566abc.out[45]
2885 hard_model_rest n7566abc.out[46]
2886 hard_model_rest n7566abc.out[47]
2887 hard_model_rest n7566abc.out[48]
2888 hard_model_rest n7566abc.out[49]
2889 hard_model_rest n7566abc.out[50]
2890 hard_model_rest n7566abc.out[51]
2891 hard_model_rest n7566abc.out[52]
2892 hard_model_rest n7566abc.out[53]
2893 hard_model_rest n7566abc.out[54]
2894 hard_model_rest n7566abc.out[55]
2895 hard_model_rest n7566abc.out[56]
2896 hard_model_rest n7566abc.out[57]
2897 hard_model_rest n7566abc.out[58]
2898 hard_model_rest n7566abc.out[59]
2899 hard_model_rest n7566abc.out[60]
2900 hard_model_rest n7566abc.out[61]
2901 hard_model_rest n7566abc.out[62]
2902 hard_model_rest n7566abc.out[63]
2903 hard_model_rest n7566abc.out[64]
2904 hard_model_rest n7566abc.out[65]
2905 hard_model_rest n7566abc.out[66]
2906 hard_model_rest n7566abc.out[67]
2907 hard_model_rest n7566abc.out[68]
2908 hard_model_rest n7566abc.out[69]
2909 hard_model_rest n7566abc.out[70]
2910 hard_model_rest n7566abc.out[71]
3631 hard_model_rest n10248abc.out[0]
3632 hard_model_rest n10248abc.out[1]
3633 hard_model_rest n10248abc.out[2]
3634 hard_model_rest n10248abc.out[3]
3635 hard_model_rest n10248abc.out[4]
3636 hard_model_rest n10248abc.out[5]
3637 hard_model_rest n10248abc.out[6]
3638 hard_model_rest n10248abc.out[7]
3639 hard_model_rest n10248abc.out[8]
3640 hard_model_rest n10248abc.out[9]
3641 hard_model_rest n10248abc.out[10]
3642 hard_model_rest n10248abc.out[11]
3643 hard_model_rest n10248abc.out[12]
3644 hard_model_rest n10248abc.out[13]
3645 hard_model_rest n10248abc.out[14]
3646 hard_model_rest n10248abc.out[15]
3647 hard_model_rest n10248abc.out[16]
3648 hard_model_rest n10248abc.out[17]
3649 hard_model_rest n10248abc.out[18]
3650 hard_model_rest n10248abc.out[19]
3651 hard_model_rest n10248abc.out[20]
3652 hard_model_rest n10248abc.out[21]
3653 hard_model_rest n10248abc.out[22]
3654 hard_model_rest n10248abc.out[23]
3655 hard_model_rest n10248abc.out[24]
3656 hard_model_rest n10248abc.out[25]
3657 hard_model_rest n10248abc.out[26]
3658 hard_model_rest n10248abc.out[27]
3659 hard_model_rest n10248abc.out[28]
3660 hard_model_rest n10248abc.out[29]
3661 hard_model_rest n10248abc.out[30]
3662 hard_model_rest n10248abc.out[31]
3663 hard_model_rest n10248abc.out[32]
3664 hard_model_rest n10248abc.out[33]
3665 hard_model_rest n10248abc.out[34]
3666 hard_model_rest n10248abc.out[35]
3667 hard_model_rest n10248abc.out[36]
3668 hard_model_rest n10248abc.out[37]
3669 hard_model_rest n10248abc.out[38]
3670 hard_model_rest n10248abc.out[39]
3671 hard_model_rest n10248abc.out[40]
3672 hard_model_rest n10248abc.out[41]
3673 hard_model_rest n10248abc.out[42]
3674 hard_model_rest n10248abc.out[43]
3675 hard_model_rest n10248abc.out[44]
3676 hard_model_rest n10248abc.out[45]
3677 hard_model_rest n10248abc.out[46]
3678 hard_model_rest n10248abc.out[47]
3679 hard_model_rest n10248abc.out[48]
3680 hard_model_rest n10248abc.out[49]
3681 hard_model_rest n10248abc.out[50]
3682 hard_model_rest n10248abc.out[51]
3683 hard_model_rest n10248abc.out[52]
3684 hard_model_rest n10248abc.out[53]
3685 hard_model_rest n10248abc.out[54]
3686 hard_model_rest n10248abc.out[55]
3687 hard_model_rest n10248abc.out[56]
3688 hard_model_rest n10248abc.out[57]
3689 hard_model_rest n10248abc.out[58]
3690 hard_model_rest n10248abc.out[59]
3691 hard_model_rest n10248abc.out[60]
3692 hard_model_rest n10248abc.out[61]
3693 hard_model_rest n10248abc.out[62]
3694 hard_model_rest n10248abc.out[63]
3695 hard_model_rest n10248abc.out[64]
3696 hard_model_rest n10248abc.out[65]
3697 hard_model_rest n10248abc.out[66]
3698 hard_model_rest n10248abc.out[67]
3699 hard_model_rest n10248abc.out[68]
3700 hard_model_rest n10248abc.out[69]
3701 hard_model_rest n10248abc.out[70]
3702 hard_model_rest n10248abc.out[71]
5231 hard_model_rest n15091abc.out[0]
5232 hard_model_rest n15091abc.out[1]
5233 hard_model_rest n15091abc.out[2]
5234 hard_model_rest n15091abc.out[3]
5235 hard_model_rest n15091abc.out[4]
5236 hard_model_rest n15091abc.out[5]
5237 hard_model_rest n15091abc.out[6]
5238 hard_model_rest n15091abc.out[7]
5239 hard_model_rest n15091abc.out[8]
5240 hard_model_rest n15091abc.out[9]
5241 hard_model_rest n15091abc.out[10]
5242 hard_model_rest n15091abc.out[11]
5243 hard_model_rest n15091abc.out[12]
5244 hard_model_rest n15091abc.out[13]
5245 hard_model_rest n15091abc.out[14]
5246 hard_model_rest n15091abc.out[15]
5247 hard_model_rest n15091abc.out[16]
5248 hard_model_rest n15091abc.out[17]
5249 hard_model_rest n15091abc.out[18]
5250 hard_model_rest n15091abc.out[19]
5251 hard_model_rest n15091abc.out[20]
5252 hard_model_rest n15091abc.out[21]
5253 hard_model_rest n15091abc.out[22]
5254 hard_model_rest n15091abc.out[23]
5255 hard_model_rest n15091abc.out[24]
5256 hard_model_rest n15091abc.out[25]
5257 hard_model_rest n15091abc.out[26]
5258 hard_model_rest n15091abc.out[27]
5259 hard_model_rest n15091abc.out[28]
5260 hard_model_rest n15091abc.out[29]
5261 hard_model_rest n15091abc.out[30]
5262 hard_model_rest n15091abc.out[31]
5263 hard_model_rest n15091abc.out[32]
5264 hard_model_rest n15091abc.out[33]
5265 hard_model_rest n15091abc.out[34]
5266 hard_model_rest n15091abc.out[35]
5267 hard_model_rest n15091abc.out[36]
5268 hard_model_rest n15091abc.out[37]
5269 hard_model_rest n15091abc.out[38]
5270 hard_model_rest n15091abc.out[39]
5271 hard_model_rest n15091abc.out[40]
5272 hard_model_rest n15091abc.out[41]
5273 hard_model_rest n15091abc.out[42]
5274 hard_model_rest n15091abc.out[43]
5275 hard_model_rest n15091abc.out[44]
5276 hard_model_rest n15091abc.out[45]
5277 hard_model_rest n15091abc.out[46]
5278 hard_model_rest n15091abc.out[47]
5279 hard_model_rest n15091abc.out[48]
5280 hard_model_rest n15091abc.out[49]
5281 hard_model_rest n15091abc.out[50]
5282 hard_model_rest n15091abc.out[51]
5283 hard_model_rest n15091abc.out[52]
5284 hard_model_rest n15091abc.out[53]
5285 hard_model_rest n15091abc.out[54]
5286 hard_model_rest n15091abc.out[55]
5287 hard_model_rest n15091abc.out[56]
5288 hard_model_rest n15091abc.out[57]
5289 hard_model_rest n15091abc.out[58]
5290 hard_model_rest n15091abc.out[59]
5291 hard_model_rest n15091abc.out[60]
5292 hard_model_rest n15091abc.out[61]
5293 hard_model_rest n15091abc.out[62]
5294 hard_model_rest n15091abc.out[63]
5295 hard_model_rest n15091abc.out[64]
5296 hard_model_rest n15091abc.out[65]
5297 hard_model_rest n15091abc.out[66]
5298 hard_model_rest n15091abc.out[67]
5299 hard_model_rest n15091abc.out[68]
5300 hard_model_rest n15091abc.out[69]
5301 hard_model_rest n15091abc.out[70]
5302 hard_model_rest n15091abc.out[71]
10216 .output out:out_2~0.outpad[0]
10217 .output out:out_2~1.outpad[0]
10218 .output out:out_2~2.outpad[0]
10219 .output out:out_2~3.outpad[0]
10220 .output out:out_2~4.outpad[0]
10221 .output out:out_2~5.outpad[0]
10222 .output out:out_2~6.outpad[0]
10223 .output out:out_2~7.outpad[0]
10224 .output out:out_2~8.outpad[0]
10225 .output out:out_2~9.outpad[0]
10226 .output out:out_2~10.outpad[0]
10227 .output out:out_2~11.outpad[0]
10228 .output out:out_2~12.outpad[0]
10229 .output out:out_2~13.outpad[0]
10230 .output out:out_2~14.outpad[0]
10231 .output out:out_2~15.outpad[0]
10232 .output out:out_2~16.outpad[0]
10233 .output out:out_2~17.outpad[0]
10234 .output out:out_2~18.outpad[0]
10235 .output out:out_2~19.outpad[0]
10236 .output out:out_2~20.outpad[0]
10237 .output out:out_2~21.outpad[0]
10238 .output out:out_2~22.outpad[0]
10239 .output out:out_2~23.outpad[0]
10240 .output out:out_2~24.outpad[0]
10241 .output out:out_2~25.outpad[0]
10242 .output out:out_2~26.outpad[0]
10243 .output out:out_2~27.outpad[0]
10244 .output out:out_2~28.outpad[0]
10245 .output out:out_2~29.outpad[0]
10246 .output out:out_2~30.outpad[0]
10247 .output out:out_2~31.outpad[0]
10248 .output out:out_2~32.outpad[0]
10249 .output out:out_2~33.outpad[0]
10250 .output out:out_2~34.outpad[0]
10251 .output out:out_2~35.outpad[0]
10252 .output out:out_2~36.outpad[0]
10253 .output out:out_2~37.outpad[0]
10254 .output out:out_2~38.outpad[0]
10255 .output out:out_2~39.outpad[0]
10256 .output out:out_2~40.outpad[0]
10257 .output out:out_2~41.outpad[0]
10258 .output out:out_2~42.outpad[0]
10259 .output out:out_2~43.outpad[0]
10260 .output out:out_2~44.outpad[0]
10261 .output out:out_2~45.outpad[0]
10262 .output out:out_2~46.outpad[0]
10263 .output out:out_2~47.outpad[0]
10264 .output out:out_2~48.outpad[0]
10265 .output out:out_2~49.outpad[0]
10266 .output out:out_2~50.outpad[0]
10267 .output out:out_2~51.outpad[0]
10268 .output out:out_2~52.outpad[0]
10269 .output out:out_2~53.outpad[0]
10270 .output out:out_2~54.outpad[0]
10271 .output out:out_2~55.outpad[0]
10272 .output out:out_2~56.outpad[0]
10273 .output out:out_2~57.outpad[0]
10274 .output out:out_2~58.outpad[0]
10275 .output out:out_2~59.outpad[0]
10276 .output out:out_2~60.outpad[0]
10277 .output out:out_2~61.outpad[0]
10278 .output out:out_2~62.outpad[0]
10279 .output out:out_2~63.outpad[0]
10280 .output out:out_2~64.outpad[0]
10281 .output out:out_2~65.outpad[0]
10282 .output out:out_2~66.outpad[0]
10283 .output out:out_2~67.outpad[0]
10284 .output out:out_2~68.outpad[0]
10285 .output out:out_2~69.outpad[0]
10286 .output out:out_2~70.outpad[0]
10287 .output out:out_2~71.outpad[0]
10288 .output out:out_1~0.outpad[0]
10289 .output out:out_1~1.outpad[0]
10290 .output out:out_1~2.outpad[0]
10291 .output out:out_1~3.outpad[0]
10292 .output out:out_1~4.outpad[0]
10293 .output out:out_1~5.outpad[0]
10294 .output out:out_1~6.outpad[0]
10295 .output out:out_1~7.outpad[0]
10296 .output out:out_1~8.outpad[0]
10297 .output out:out_1~9.outpad[0]
10298 .output out:out_1~10.outpad[0]
10299 .output out:out_1~11.outpad[0]
10300 .output out:out_1~12.outpad[0]
10301 .output out:out_1~13.outpad[0]
10302 .output out:out_1~14.outpad[0]
10303 .output out:out_1~15.outpad[0]
10304 .output out:out_1~16.outpad[0]
10305 .output out:out_1~17.outpad[0]
10306 .output out:out_1~18.outpad[0]
10307 .output out:out_1~19.outpad[0]
10308 .output out:out_1~20.outpad[0]
10309 .output out:out_1~21.outpad[0]
10310 .output out:out_1~22.outpad[0]
10311 .output out:out_1~23.outpad[0]
10312 .output out:out_1~24.outpad[0]
10313 .output out:out_1~25.outpad[0]
10314 .output out:out_1~26.outpad[0]
10315 .output out:out_1~27.outpad[0]
10316 .output out:out_1~28.outpad[0]
10317 .output out:out_1~29.outpad[0]
10318 .output out:out_1~30.outpad[0]
10319 .output out:out_1~31.outpad[0]
10320 .output out:out_1~32.outpad[0]
10321 .output out:out_1~33.outpad[0]
10322 .output out:out_1~34.outpad[0]
10323 .output out:out_1~35.outpad[0]
10324 .output out:out_1~36.outpad[0]
10325 .output out:out_1~37.outpad[0]
10326 .output out:out_1~38.outpad[0]
10327 .output out:out_1~39.outpad[0]
10328 .output out:out_1~40.outpad[0]
10329 .output out:out_1~41.outpad[0]
10330 .output out:out_1~42.outpad[0]
10331 .output out:out_1~43.outpad[0]
10332 .output out:out_1~44.outpad[0]
10333 .output out:out_1~45.outpad[0]
10334 .output out:out_1~46.outpad[0]
10335 .output out:out_1~47.outpad[0]
10336 .output out:out_1~48.outpad[0]
10337 .output out:out_1~49.outpad[0]
10338 .output out:out_1~50.outpad[0]
10339 .output out:out_1~51.outpad[0]
10340 .output out:out_1~52.outpad[0]
10341 .output out:out_1~53.outpad[0]
10342 .output out:out_1~54.outpad[0]
10343 .output out:out_1~55.outpad[0]
10344 .output out:out_1~56.outpad[0]
10345 .output out:out_1~57.outpad[0]
10346 .output out:out_1~58.outpad[0]
10347 .output out:out_1~59.outpad[0]
10348 .output out:out_1~60.outpad[0]
10349 .output out:out_1~61.outpad[0]
10350 .output out:out_1~62.outpad[0]
10351 .output out:out_1~63.outpad[0]
10352 .output out:out_1~64.outpad[0]
10353 .output out:out_1~65.outpad[0]
10354 .output out:out_1~66.outpad[0]
10355 .output out:out_1~67.outpad[0]
10356 .output out:out_1~68.outpad[0]
10357 .output out:out_1~69.outpad[0]
10358 .output out:out_1~70.outpad[0]
10359 .output out:out_1~71.outpad[0]
10400 .output out:out_0~0.outpad[0]
10401 .output out:out_0~1.outpad[0]
10402 .output out:out_0~2.outpad[0]
10403 .output out:out_0~3.outpad[0]
10404 .output out:out_0~4.outpad[0]
10405 .output out:out_0~5.outpad[0]
10406 .output out:out_0~6.outpad[0]
10407 .output out:out_0~7.outpad[0]
10408 .output out:out_0~8.outpad[0]
10409 .output out:out_0~9.outpad[0]
10410 .output out:out_0~10.outpad[0]
10411 .output out:out_0~11.outpad[0]
10412 .output out:out_0~12.outpad[0]
10413 .output out:out_0~13.outpad[0]
10414 .output out:out_0~14.outpad[0]
10415 .output out:out_0~15.outpad[0]
10416 .output out:out_0~16.outpad[0]
10417 .output out:out_0~17.outpad[0]
10418 .output out:out_0~18.outpad[0]
10419 .output out:out_0~19.outpad[0]
10420 .output out:out_0~20.outpad[0]
10421 .output out:out_0~21.outpad[0]
10422 .output out:out_0~22.outpad[0]
10423 .output out:out_0~23.outpad[0]
10424 .output out:out_0~24.outpad[0]
10425 .output out:out_0~25.outpad[0]
10426 .output out:out_0~26.outpad[0]
10427 .output out:out_0~27.outpad[0]
10428 .output out:out_0~28.outpad[0]
10429 .output out:out_0~29.outpad[0]
10430 .output out:out_0~30.outpad[0]
10431 .output out:out_0~31.outpad[0]
10432 .output out:out_0~32.outpad[0]
10433 .output out:out_0~33.outpad[0]
10434 .output out:out_0~34.outpad[0]
10435 .output out:out_0~35.outpad[0]
10436 .output out:out_0~36.outpad[0]
10437 .output out:out_0~37.outpad[0]
10438 .output out:out_0~38.outpad[0]
10439 .output out:out_0~39.outpad[0]
10440 .output out:out_0~40.outpad[0]
10441 .output out:out_0~41.outpad[0]
10442 .output out:out_0~42.outpad[0]
10443 .output out:out_0~43.outpad[0]
10444 .output out:out_0~44.outpad[0]
10445 .output out:out_0~45.outpad[0]
10446 .output out:out_0~46.outpad[0]
10447 .output out:out_0~47.outpad[0]
10448 .output out:out_0~48.outpad[0]
10449 .output out:out_0~49.outpad[0]
10450 .output out:out_0~50.outpad[0]
10451 .output out:out_0~51.outpad[0]
10452 .output out:out_0~52.outpad[0]
10453 .output out:out_0~53.outpad[0]
10454 .output out:out_0~54.outpad[0]
10455 .output out:out_0~55.outpad[0]
10456 .output out:out_0~56.outpad[0]
10457 .output out:out_0~57.outpad[0]
10458 .output out:out_0~58.outpad[0]
10459 .output out:out_0~59.outpad[0]
10460 .output out:out_0~60.outpad[0]
10461 .output out:out_0~61.outpad[0]
10462 .output out:out_0~62.outpad[0]
10463 .output out:out_0~63.outpad[0]
10464 .output out:out_0~64.outpad[0]
10465 .output out:out_0~65.outpad[0]
10466 .output out:out_0~66.outpad[0]
10467 .output out:out_0~67.outpad[0]
10468 .output out:out_0~68.outpad[0]
10469 .output out:out_0~69.outpad[0]
10470 .output out:out_0~70.outpad[0]
10471 .output out:out_0~71.outpad[0]
10510 .latch $sdff~9^Q~0.D[0]
10511 .latch $sdff~9^Q~1.D[0]
10512 .latch $sdff~9^Q~2.D[0]
10513 .latch $sdff~9^Q~3.D[0]
10514 .latch $sdff~9^Q~4.D[0]
10515 .latch $sdff~9^Q~5.D[0]
10516 .latch $sdff~9^Q~6.D[0]
10517 .latch $sdff~9^Q~7.D[0]
10518 .latch $sdff~9^Q~8.D[0]
10519 .latch $sdff~9^Q~9.D[0]
10520 .latch $sdff~9^Q~10.D[0]
10521 .latch $sdff~9^Q~11.D[0]
10522 .latch $sdff~9^Q~12.D[0]
10523 .latch $sdff~9^Q~13.D[0]
10524 .latch $sdff~9^Q~14.D[0]
10525 .latch $sdff~9^Q~15.D[0]
10526 .latch $sdff~9^Q~16.D[0]
10527 .latch $sdff~9^Q~17.D[0]
10528 .latch $sdff~9^Q~18.D[0]
10529 .latch $sdff~9^Q~19.D[0]
10530 .latch $dff~20^Q~0.D[0]

#End of unconstrained hold startpoint/endpoint report
